<!DOCTYPE html>
<html lang="en"><head>
    <meta charset="utf-8">
    <meta http-equiv="X-UA-Compatible" content="IE=edge">
    <meta name="viewport" content="width=device-width, initial-scale=1"><meta property="og:site_name" content="Traveller's Wiki" /><title>Golden Travel Guide (Columbia-Rockies/Kootenays/British Columbia/Canada/North America) | Traveller's Wiki</title>
    <meta property="og:title" content="Golden Travel Guide (Columbia-Rockies/Kootenays/British Columbia/Canada/North America)" />
    <meta name="twitter:card" content="summary" />
    <meta property="twitter:title" content="Golden Travel Guide (Columbia-Rockies/Kootenays/British Columbia/Canada/North America)" /><meta name="generator" content="Jekyll v4.3.2" /><meta name="description" content="Explore the scenic beauty, thrilling outdoor activities, cultural and historical attractions of Golden, British Columbia with our comprehensive travel guide." />
    <meta property="og:description" content="Explore the scenic beauty, thrilling outdoor activities, cultural and historical attractions of Golden, British Columbia with our comprehensive travel guide." /><meta name="author" content="Traveller's Wiki" /><link rel="canonical" href="https://travellers.wiki/en/north-america/canada/british-columbia/kootenays/columbia-rockies/golden/" />
<meta property="og:url" content="https://travellers.wiki/en/north-america/canada/british-columbia/kootenays/columbia-rockies/golden/" /><script type="application/ld+json">
{
    "name":        "Traveller's Wiki",
    "description": "Explore the scenic beauty, thrilling outdoor activities, cultural and historical attractions of Golden, British Columbia with our comprehensive travel guide.",
    "url":         "https://travellers.wiki/en/north-america/canada/british-columbia/kootenays/columbia-rockies/golden/",
    "headline":    "Golden Travel Guide (Columbia-Rockies/Kootenays/British Columbia/Canada/North America)",
    "@type":       "WebSite",
    "@context":    "https://schema.org",
    "author": {
        "@type":"Person",
        "name": "Traveller's Wiki"
    }
}
</script><link rel="stylesheet" href="/assets/main.css"><script async src="https://www.googletagmanager.com/gtag/js?id=G-FWE2DQ1892"></script>
    <script>
        window['ga-disable-G-FWE2DQ1892'] = window.doNotTrack === "1" || navigator.doNotTrack === "1" || navigator.doNotTrack === "yes" || navigator.msDoNotTrack === "1";
        window.dataLayer = window.dataLayer || [];

        function gtag() { dataLayer.push(arguments); }
        gtag('js', new Date());

        gtag('config', 'G-FWE2DQ1892');
    </script><link rel="stylesheet" href="/assets/photoswipe/photoswipe.css">
	<link rel="stylesheet" href="/assets/photoswipe/photoswipe-dynamic-caption-plugin.css">
</head>
<body><header class="site-header" role="banner">

    <div class="wrapper"><a class="site-title" rel="author" href="/">
            Traveller&#39;s Wiki
        </a><nav class="site-nav">
                <input type="checkbox" id="nav-trigger" class="nav-trigger" />

                <label for="nav-trigger">
                    <span class="menu-icon">
                        <svg viewBox="0 0 18 15" width="18px" height="15px">
                            <path
                                d="M18,1.484c0,0.82-0.665,1.484-1.484,1.484H1.484C0.665,2.969,0,2.304,0,1.484l0,0C0,0.665,0.665,0,1.484,0 h15.032C17.335,0,18,0.665,18,1.484L18,1.484z M18,7.516C18,8.335,17.335,9,16.516,9H1.484C0.665,9,0,8.335,0,7.516l0,0 c0-0.82,0.665-1.484,1.484-1.484h15.032C17.335,6.031,18,6.696,18,7.516L18,7.516z M18,13.516C18,14.335,17.335,15,16.516,15H1.484 C0.665,15,0,14.335,0,13.516l0,0c0-0.82,0.665-1.483,1.484-1.483h15.032C17.335,12.031,18,12.695,18,13.516L18,13.516z" />
                        </svg>
                    </span>
                </label>

                <div class="trigger"><a class="page-link" href="/">
                                Home
                            </a></div>
            </nav></div>
</header>
<main class="page-content" aria-label="Content">
        <div class="wrapper">
            <article class="post">
    <header class="post-header">
        <h1 class="post-title">
            <span>Golden Travel Guide</span>
        </h1><blockquote>
                <p>Explore the scenic beauty, thrilling outdoor activities, cultural and historical attractions of Golden, British Columbia with our comprehensive travel guide.</p>

            </blockquote></header><div id="breadcrumbs"><a href="/en/">
    Continents
</a>
/<a href="/en/north-america/">
    North America
</a>
/<a href="/en/north-america/canada/">
    Canada
</a>
/<a href="/en/north-america/canada/british-columbia/">
    British Columbia
</a>
/<a href="/en/north-america/canada/british-columbia/kootenays/">
    Kootenays
</a>
/<a href="/en/north-america/canada/british-columbia/kootenays/columbia-rockies/">
    Columbia-Rockies
</a>
/<a href="/en/north-america/canada/british-columbia/kootenays/columbia-rockies/golden/" class="underline">
                Golden
            </a></div><br>

    <div class="post-content"><div class="article-body">
				<div id = "editor"><!--<h2>Content</h2>--><div id = "banner_container">		
			<img src = "https://upload.wikimedia.org/wikipedia/commons/thumb/5/59/Golden_BC_Wikivoyage_banner.jpg/740px-Golden_BC_Wikivoyage_banner.jpg" /><span><a href = "#image_gallery">Image Gallery &#x25BC;</a></span></div>
		
		
		<div id = "toc">
		<ul class="toc__list"><li><a href="#introduction-to-golden">Introduction to Golden</a></li><li><a href="#list-of-places-to-visit-in-golden">List of Places to Visit in Golden</a><ul class="toc__sublist"><li><a href="#culturally-important-attractions-museums-and-historical-places">Culturally Important Attractions: Museums and Historical Places</a></li><li><a href="#natural-attractions-of-golden-outdoor-adventures-and-scenic-views">Natural Attractions of Golden: Outdoor Adventures and Scenic Views</a></li></ul></li><li><a href="#hikingbiking-routes-of-golden">Hiking/Biking Routes of Golden</a></li><li><a href="#best-things-to-do-in-golden-activities-and-tours">Best Things to Do in Golden: Activities and Tours</a></li><li><a href="#week-long-itinerary-for-golden">Week-Long Itinerary for Golden</a></li><li><a href="#food-and-drink-scene-of-golden">Food and Drink Scene of Golden</a><ul class="toc__sublist"><li><a href="#must-try-dishes">Must-Try Dishes</a></li><li><a href="#local-beverages">Local Beverages</a></li></ul></li><li><a href="#where-to-stay-in-golden-hotels-hostels-and-guesthouses">Where to Stay in Golden: Hotels, Hostels, and Guesthouses</a></li><li><a href="#what-to-buy-in-golden-souvenirs-and-local-products-to-bring-home">What to Buy in Golden: Souvenirs and Local Products to Bring Home</a></li><li><a href="#local-culture-and-customs-of-golden">Local Culture and Customs of Golden</a></li><li><a href="#best-time-to-visit-golden">Best Time to Visit Golden</a></li><li><a href="#dos-and-donts-of-golden">Do’s and Don’ts of Golden</a><ul class="toc__sublist"><li><a href="#do">Do:</a></li><li><a href="#dont">Don’t:</a></li></ul></li><li><a href="#safety-and-health">Safety and Health</a><ul class="toc__sublist"><li><a href="#safety-in-golden">Safety in Golden</a></li><li><a href="#health-in-golden">Health in Golden</a></li></ul></li><li><a href="#getting-to-golden-transportation-options-and-logistics">Getting to Golden: Transportation Options and Logistics</a><ul class="toc__sublist"><li><a href="#airports-near-golden">Airports Near Golden</a></li><li><a href="#bus-stations-near-golden">Bus Stations Near Golden</a></li><li><a href="#other-options">Other Options</a></li></ul></li><li><a href="#how-to-get-around-in-golden">How to Get Around in Golden</a></li><li><a href="#where-to-go-next-from-golden-nearby-destinations-and-excursions">Where to Go Next from Golden: Nearby Destinations and Excursions</a></li><li><a href="#conclusion">Conclusion</a></li></ul>
		</div>
		
		<h2 id="introduction-to-golden">Introduction to Golden</h2>
<p>Golden is a small town located in the eastern part of British Columbia, Canada. The town is nestled in the Columbia River Valley, surrounded by stunning mountains, pristine waterways, and an abundance of wildlife. The town is a popular gateway to the Canadian Rockies and attracts visitors from around the world for its natural beauty, outdoor activities, and cultural attractions.</p>

<h2 id="list-of-places-to-visit-in-golden">List of Places to Visit in Golden</h2>

<h3 id="culturally-important-attractions-museums-and-historical-places">Culturally Important Attractions: Museums and Historical Places</h3>
<ul>
  <li>Golden and District Museum: Learn about the history of the town, from the early days of the First Nations People to the present day through various exhibits and artifacts.</li>
  <li>Kicking Horse Pedestrian Bridge: A unique, historic suspension bridge made of wood, it offers spectacular views of the Kicking Horse River.</li>
  <li>Golden Cinema: A local cinema that screens current movies and art-house films.</li>
</ul>

<h3 id="natural-attractions-of-golden-outdoor-adventures-and-scenic-views">Natural Attractions of Golden: Outdoor Adventures and Scenic Views</h3>
<ul>
  <li>Kicking Horse Mountain Resort: A popular ski resort located in the Purcell Range of the Rocky Mountains. In summer, it offers scenic chairlift rides, hiking, and mountain biking trails.</li>
  <li>Yoho National Park: Just a short drive from Golden, Yoho National Park offers spectacular vistas of waterfalls, glaciers, mountains, and forests.</li>
  <li>Columbia River Wetlands: A unique ecosystem comprising marshes, basins, lakes, and channels. You can kayak, canoe and hike around the wetlands to see a wide variety of flora and fauna.</li>
</ul>

<h2 id="hikingbiking-routes-of-golden">Hiking/Biking Routes of Golden</h2>
<p>Golden offers numerous hiking and biking trails, ranging from easy to challenging trekking routes. Some popular routes include:</p>
<ul>
  <li>Kicking Horse River Trail: A flat and scenic trail that follows the Kicking Horse River, starting from Golden.</li>
  <li>Mount 7 Trails: An extensive network of trails starting from the top of Mount 7 with a range of options for all levels of hikers.</li>
  <li>Mummery Glacier: A strenuous route leading to a spectacular glacier that traverses steep ridges and boulder fields.</li>
</ul>

<h2 id="best-things-to-do-in-golden-activities-and-tours">Best Things to Do in Golden: Activities and Tours</h2>
<ul>
  <li>White Water Rafting: Enjoy a thrilling rafting experience on the wild and scenic Kicking Horse River.</li>
  <li>Helicopter Tours: Take a scenic helicopter tour to admire the breath-taking landscapes of the Canadian Rockies.</li>
  <li>Horseback Riding: Explore the scenic beauty of the trails on horseback, offering stunning views of the surrounding mountains.</li>
</ul>

<h2 id="week-long-itinerary-for-golden">Week-Long Itinerary for Golden</h2>

<table>
  <thead>
    <tr>
      <th>Day</th>
      <th>Activities</th>
    </tr>
  </thead>
  <tbody>
    <tr>
      <td>Day 1</td>
      <td>Arrive and explore Kicking Horse Pedestrian Bridge and Golden Cinema</td>
    </tr>
    <tr>
      <td>Day 2</td>
      <td>Hike to Mummery Glacier and enjoy scenic views</td>
    </tr>
    <tr>
      <td>Day 3</td>
      <td>Take a White Water Rafting tour on Kicking Horse River</td>
    </tr>
    <tr>
      <td>Day 4</td>
      <td>Visit Yoho National Park and Emerald Lake</td>
    </tr>
    <tr>
      <td>Day 5</td>
      <td>Enjoy a day of mountain biking or hiking on Mount 7 Trails</td>
    </tr>
    <tr>
      <td>Day 6</td>
      <td>Take a scenic helicopter tour of the Rockies</td>
    </tr>
    <tr>
      <td>Day 7</td>
      <td>Explore the Columbia River Wetlands by canoe or kayak</td>
    </tr>
  </tbody>
</table>

<h2 id="food-and-drink-scene-of-golden">Food and Drink Scene of Golden</h2>

<h3 id="must-try-dishes">Must-Try Dishes</h3>
<ul>
  <li>Poutine: A classic Canadian dish of fries, gravy and cheese curds.</li>
  <li>Elk Burgers: A local delicacy, made from locally-sourced elk meat.</li>
  <li>Rocky Mountain Trout: Freshly caught in the nearby streams and served in various styles.</li>
</ul>

<h3 id="local-beverages">Local Beverages</h3>
<ul>
  <li>BC Wine: Enjoy a glass of local wine, produced from fruits grown in BC’s Okanagan Valley.</li>
  <li>Kicking Horse Coffee: A local coffee roaster that offers strong, rich coffee, made from fair-trade beans.</li>
</ul>

<h2 id="where-to-stay-in-golden-hotels-hostels-and-guesthouses">Where to Stay in Golden: Hotels, Hostels, and Guesthouses</h2>
<p>There are many accommodation options in Golden, ranging from luxurious hotels to backpacker hostels. Some popular options include:</p>

<ul>
  <li>Kicking Horse River Lodge: A cozy lodge situated on the banks of the Kicking Horse River, offering comfortable rooms and a beautiful setting.</li>
  <li>Prestige Inn Golden: A modern hotel located close to the town center, offering clean and spacious rooms.</li>
  <li>HI Golden: A budget hostel that offers dormitory-style accommodation for backpackers and travelers on a budget.</li>
</ul>

<h2 id="what-to-buy-in-golden-souvenirs-and-local-products-to-bring-home">What to Buy in Golden: Souvenirs and Local Products to Bring Home</h2>
<ul>
  <li>Artisan Jewelry: Handcrafted jewelry made by local artists using natural materials like stones, beads and wood.</li>
  <li>Honey and jams: Locally made honey and jams using fresh fruits from the region.</li>
  <li>Handmade Pottery: Unique pottery items made by local potters and artists.</li>
</ul>

<h2 id="local-culture-and-customs-of-golden">Local Culture and Customs of Golden</h2>
<p>Golden has a rich culture and history, dating back to the First Nations people who first inhabited the region. The town is proud of its heritage, and you can experience it through the various cultural events and festivals that take place throughout the year.</p>

<h2 id="best-time-to-visit-golden">Best Time to Visit Golden</h2>
<p>Golden is a year-round destination, with each season offering its unique charm and attractions. However, the months from June to August are the most popular due to pleasant weather and abundant outdoor activities.</p>

<h2 id="dos-and-donts-of-golden">Do’s and Don’ts of Golden</h2>

<h3 id="do">Do:</h3>
<ul>
  <li>Respect the local culture and customs of the town.</li>
  <li>Take care of the natural environment, as Golden is located amidst pristine mountain and river ecosystems.</li>
  <li>Enjoy the local cuisine and try new dishes.</li>
</ul>

<h3 id="dont">Don’t:</h3>
<ul>
  <li>Litter or damage the natural environment.</li>
  <li>Ignore safety precautions while participating in outdoor activities.</li>
  <li>Disrespect the local people or their culture.</li>
</ul>

<h2 id="safety-and-health">Safety and Health</h2>

<h3 id="safety-in-golden">Safety in Golden</h3>
<p>Golden is a safe town, but as with any outdoor destination, visitors should take necessary safety precautions, such as:</p>

<ul>
  <li>Wearing appropriate gear while participating in outdoor activities like hiking and mountain biking.</li>
  <li>Being aware of wildlife and keeping a safe distance.</li>
  <li>Following safety guidelines while participating in water sports.</li>
</ul>

<h3 id="health-in-golden">Health in Golden</h3>
<p>Golden has a small hospital and a few clinics that offer medical services. Visitors should also take care of their health by carrying any necessary medications and health insurance.</p>

<h2 id="getting-to-golden-transportation-options-and-logistics">Getting to Golden: Transportation Options and Logistics</h2>
<p>Golden is accessible by various modes of transportation.</p>

<h3 id="airports-near-golden">Airports Near Golden</h3>
<ul>
  <li>Calgary International Airport (YYC) is the closest major airport, located approximately three hours away.</li>
  <li>Kelowna International Airport (YLW) is located approximately four hours away.</li>
</ul>

<h3 id="bus-stations-near-golden">Bus Stations Near Golden</h3>
<ul>
  <li>Greyhound Canada offers bus services to and from Golden.</li>
</ul>

<h3 id="other-options">Other Options</h3>
<ul>
  <li>Golden is easily accessible by car, with a well-maintained highway taking travelers from the east and west.</li>
  <li>Via Rail also operates a train service, connecting Golden with various cities in British Columbia and Alberta.</li>
</ul>

<h2 id="how-to-get-around-in-golden">How to Get Around in Golden</h2>
<p>The best way to get around in Golden is by car. However, visitors can also rent bicycles or use taxi services to explore the town and the surrounding areas.</p>

<h2 id="where-to-go-next-from-golden-nearby-destinations-and-excursions">Where to Go Next from Golden: Nearby Destinations and Excursions</h2>
<ul>
  <li>Banff National Park: Located just a few hours away, Banff offers stunning vistas of mountains, lakes, and glaciers.</li>
  <li>Glacier National Park: Located a short drive away, Glacier National Park offers beautiful alpine scenery and a chance to spot wildlife.</li>
  <li>Revelstoke: A small, charming town located nearby, Revelstoke offers a peaceful break from the hustle and bustle of a larger town.</li>
</ul>

<h2 id="conclusion">Conclusion</h2>
<p>In conclusion, Golden, British Columbia, is a beautiful and exciting destination that offers something for everyone. Visitors can explore the scenic beauty, thrilling outdoor activities, cultural and historical attractions, and enjoy the local cuisine and culture. By following the dos and don’ts of the town and taking necessary safety precautions, visitors can have a memorable and safe trip to Golden.</p><h2 id = "image_gallery">Golden Image Gallery</h2>
		<div class="pswp-gallery pswp-gallery--single-column" id="gallery">
		
		  <!-- cropped thumbnail: -->
			<a href="https://upload.wikimedia.org/wikipedia/commons/thumb/f/fb/Goldenbc.jpg/1024px-Goldenbc.jpg" 
			data-pswp-width="1024" 
			data-pswp-height="684" 
			data-cropped="true" 
			target="_blank">
			<img src="https://upload.wikimedia.org/wikipedia/commons/thumb/f/fb/Goldenbc.jpg/100px-Goldenbc.jpg" class = "imggalleryitem" alt="Golden, British Columbia" />
			<span class="pswp-caption-content">Golden, British Columbia</span>
		  </a>
		
		  <!-- cropped thumbnail: -->
			<a href="https://upload.wikimedia.org/wikipedia/commons/thumb/d/d2/Kicking_Horse_Pedestrian_Bridge.jpg/1024px-Kicking_Horse_Pedestrian_Bridge.jpg" 
			data-pswp-width="1024" 
			data-pswp-height="768" 
			data-cropped="true" 
			target="_blank">
			<img src="https://upload.wikimedia.org/wikipedia/commons/thumb/d/d2/Kicking_Horse_Pedestrian_Bridge.jpg/100px-Kicking_Horse_Pedestrian_Bridge.jpg" class = "imggalleryitem" alt="Kicking Horse Pedestrian Bridge" />
			<span class="pswp-caption-content">Kicking Horse Pedestrian Bridge</span>
		  </a>
		
		  <!-- cropped thumbnail: -->
			<a href="https://upload.wikimedia.org/wikipedia/commons/thumb/1/1a/Buffalo_Ranch_%2837351822500%29.jpg/1024px-Buffalo_Ranch_%2837351822500%29.jpg" 
			data-pswp-width="1024" 
			data-pswp-height="703" 
			data-cropped="true" 
			target="_blank">
			<img src="https://upload.wikimedia.org/wikipedia/commons/thumb/1/1a/Buffalo_Ranch_%2837351822500%29.jpg/100px-Buffalo_Ranch_%2837351822500%29.jpg" class = "imggalleryitem" alt="Buffalo Ranch" />
			<span class="pswp-caption-content">Buffalo Ranch</span>
		  </a>
		
		  <!-- cropped thumbnail: -->
			<a href="https://upload.wikimedia.org/wikipedia/commons/thumb/d/d7/ParaglidingGolden.JPG/1024px-ParaglidingGolden.JPG" 
			data-pswp-width="1024" 
			data-pswp-height="1365" 
			data-cropped="true" 
			target="_blank">
			<img src="https://upload.wikimedia.org/wikipedia/commons/thumb/d/d7/ParaglidingGolden.JPG/100px-ParaglidingGolden.JPG" class = "imggalleryitem" alt="Paragliding in Golden BC after launch off of Mount 7" />
			<span class="pswp-caption-content">Paragliding in Golden BC after launch off of Mount 7</span>
		  </a>
		
		</div><br><!--<h2>Pages</h2>--><ul class="page-list"></ul><br><!--<h2>Topics</h2>--><div class="flex-container"></div>
</div>
			</div></div>
</article>

        </div>
    </main><footer class="site-footer h-card">
    <data class="u-url" href="/"></data>

    <div class="wrapper">

        <h2 class="footer-heading">Traveller&#39;s Wiki</h2>

        <div class="footer-col-wrapper">
            <div class="footer-col footer-col-1">
                <ul class="contact-list"><li class="p-name">
                            Traveller&#39;s Wiki
                        </li></ul>
            </div>

            <div class="footer-col footer-col-2"><ul class="social-media-list"></ul>
</div>

            <div class="footer-col footer-col-3">
                <p>Traveller&#39;s Wiki is a comprehensive online resource for travel enthusiasts seeking information on destinations, accommodations, activities, transportation, and more. The wiki is user-generated and provides a platform for travelers to share their experiences, recommendations, and tips with others. The site is constantly updated to ensure that the information is current and accurate, making it a valuable tool for anyone planning a trip.</p>
            </div>
        </div>

    </div>
<button id="scroll-to-top-button">&#x25B2;</button>
</footer>

<script type="module" src="https://travellers.wiki/assets/gallery.js"></script>
<script src="https://travellers.wiki/assets/script.js"></script>
</body>

</html>
